[Bootstrap]
SetupTitle=Install
SetupText=Copying Files, please stand by.
CabFile=Sigcap.CAB
Spawn=Setup1.exe
Uninstal=st6unst.exe
TmpDir=msftqws.pdw
Cabs=1

[Bootstrap Files]
File1=@VB6STKIT.DLL,$(WinSysPathSysFile),,,3/26/85 2:00:00 AM,101888,6.0.84.50

[IconGroups]
Group0=สัญญาณวิเคราะห์ ๒.๐๑
PrivateGroup0=False
Parent0=$(Programs)

[สัญญาณวิเคราะห์ ๒.๐๑]
Icon1=""คู่มือการใช้งาน Sigcap109.pdf""
Title1=คู่มือการใช้งาน Sigcap 201
StartIn1=$(AppPath)
Icon2="Sigcap.exe"
Title2=สัญญาณวิเคราะห์ ๒.๐๑
StartIn2=$(AppPath)

[Setup]
Title=สัญญาณวิเคราะห์ ๒.๐๑
DefaultDir=$(ProgramFiles)\Sigcap
AppExe=Sigcap.exe
AppToUninstall=Sigcap.exe

[Setup1 Files]
File1=@คู่มือการใช้งาน Sigcap109.pdf,$(AppPath),,,12/29/57 2:27:14 AM,1039812,0.0.0.0
File2=@testrun001.signal,$(AppPath),,,10/1/57 12:18:58 AM,12333,0.0.0.0
File3=@test.signal,$(AppPath),,,6/26/57 2:26:14 AM,3938,0.0.0.0
File4=@test.calib,$(AppPath),,,6/26/57 2:07:10 AM,119,0.0.0.0
File5=@reproducibility.signal,$(AppPath),,,9/28/56 11:28:02 AM,103607,0.0.0.0
File6=@molybdate-cal.calib,$(AppPath),,,9/29/56 2:54:40 AM,95,0.0.0.0
File7=@calibrate.signal,$(AppPath),,,9/26/56 4:07:40 PM,10000,0.0.0.0
File8=@RICHED32.DLL,$(WinSysPathSysFile),,,5/7/41 12:00:00 AM,174352,4.0.993.4
File9=@RICHTX32.OCX,$(WinSysPath),$(DLLSelfRegister),$(Shared),6/24/13 12:00:00 AM,203576,6.0.81.69
File10=@MSCOMM32.OCX,$(WinSysPath),$(DLLSelfRegister),$(Shared),10/10/01 10:01:04 AM,162816,6.0.88.77
File11=@Comdlg32.ocx,$(WinSysPath),$(DLLSelfRegister),$(Shared),3/9/08 7:20:02 AM,152848,6.1.97.82
File12=@MSCOMCTL.OCX,$(WinSysPath),$(DLLSelfRegister),$(Shared),11/28/80 1:32:51 PM,1071088,6.1.97.86
File13=@msvcrt.dll,$(WinSysPathSysFile),,,10/30/58 2:18:31 PM,773168,7.0.10586.0
File14=@scrrun.dll,$(WinSysPath),$(DLLSelfRegister),$(Shared),10/30/58 2:18:29 PM,165888,5.812.10586.0
File15=@mcHID.dll,$(AppPath),,,1/9/53 6:22:36 PM,331776,1.0.0.39
File16=@Sigcap.exe,$(AppPath),,,8/16/59 5:22:02 PM,1064960,1.0.0.0

; The following lines may be deleted in order to obtain extra 
; space for customizing this file on a full installation diskette.
; 
; XXXXXXXXXXXXXXXXXXXXXXXXXXXXXXXXXXXXXXXXXXXXXXXXXXXXXXXXXXXX
; XXXXXXXXXXXXXXXXXXXXXXXXXXXXXXXXXXXXXXXXXXXXXXXXXXXXXXXXXXXX
; XXXXXXXXXXXXXXXXXXXXXXXXXXXXXXXXXXXXXXXXXXXXXXXXXXXXXXXXXXXX
; XXXXXXXXXXXXXXXXXXXXXXXXXXXXXXXXXXXXXXXXXXXXXXXXXXXXXXXXXXXX
; XXXXXXXXXXXXXXXXXXXXXXXXXXXXXXXXXXXXXXXXXXXXXXXXXXXXXXXXXXXX
; XXXXXXXXXXXXXXXXXXXXXXXXXXXXXXXXXXXXXXXXXXXXXXXXXXXXXXXXXXXX
; XXXXXXXXXXXXXXXXXXXXXXXXXXXXXXXXXXXXXXXXXXXXXXXXXXXXXXXXXXXX
; XXXXXXXXXXXXXXXXXXXXXXXXXXXXXXXXXXXXXXXXXXXXXXXXXXXXXXXXXXXX
; XXXXXXXXXXXXXXXXXXXXXXXXXXXXXXXXXXXXXXXXXXXXXXXXXXXXXXXXXXXX
; XXXXXXXXXXXXXXXXXXXXXXXXXXXXXXXXXXXXXXXXXXXXXXXXXXXXXXXXXXXX
; XXXXXXXXXXXXXXXXXXXXXXXXXXXXXXXXXXXXXXXXXXXXXXXXXXXXXXXXXXXX
; XXXXXXXXXXXXXXXXXXXXXXXXXXXXXXXXXXXXXXXXXXXXXXXXXXXXXXXXXXXX
; XXXXXXXXXXXXXXXXXXXXXXXXXXXXXXXXXXXXXXXXXXXXXXXXXXXXXXXXXXXX
; XXXXXXXXXXXXXXXXXXXXXXXXXXXXXXXXXXXXXXXXXXXXXXXXXXXXXXXXXXXX
; XXXXXXXXXXXXXXXXXXXXXXXXXXXXXXXXXXXXXXXXXXXXXXXXXXXXXXXXXXXX
; XXXXXXXXXXXXXXXXXXXXXXXXXXXXXXXXXXXXXXXXXXXXXXXXXXXXXXXXXXXX
; XXXXXXXXXXXXXXXXXXXXXXXXXXXXXXXXXXXXXXXXXXXXXXXXXXXXXXXXXXXX
; XXXXXXXXXXXXXXXXXXXXXXXXXXXXXXXXXXXXXXXXXXXXXXXXXXXXXXXXXXXX
; XXXXXXXXXXXXXXXXXXXXXXXXXXXXXXXXXXXXXXXXXXXXXXXXXXXXXXXXXXXX
; XXXXXXXXXXXXXXXXXXXXXXXXXXXXXXXXXXXXXXXXXXXXXXXXXXXXXXXXXXXX
; XXXXXXXXXXXXXXXXXXXXXXXXXXXXXXXXXXXXXXXXXXXXXXXXXXXXXXXXXXXX
; XXXXXXXXXXXXXXXXXXXXXXXXXXXXXXXXXXXXXXXXXXXXXXXXXXXXXXXXXXXX
; XXXXXXXXXXXXXXXXXXXXXXXXXXXXXXXXXXXXXXXXXXXXXXXXXXXXXXXXXXXX
; XXXXXXXXXXXXXXXXXXXXXXXXXXXXXXXXXXXXXXXXXXXXXXXXXXXXXXXXXXXX
; XXXXXXXXXXXXXXXXXXXXXXXXXXXXXXXXXXXXXXXXXXXXXXXXXXXXXXXXXXXX
; XXXXXXXXXXXXXXXXXXXXXXXXXXXXXXXXXXXXXXXXXXXXXXXXXXXXXXXXXXXX
; XXXXXXXXXXXXXXXXXXXXXXXXXXXXXXXXXXXXXXXXXXXXXXXXXXXXXXXXXXXX
; XXXXXXXXXXXXXXXXXXXXXXXXXXXXXXXXXXXXXXXXXXXXXXXXXXXXXXXXXXXX
; XXXXXXXXXXXXXXXXXXXXXXXXXXXXXXXXXXXXXXXXXXXXXXXXXXXXXXXXXXXX
; XXXXXXXXXXXXXXXXXXXXXXXXXXXXXXXXXXXXXXXXXXXXXXXXXXXXXXXXXXXX
; XXXXXXXXXXXXXXXXXXXXXXXXXXXXXXXXXXXXXXXXXXXXXXXXXXXXXXXXXXXX
; XXXXXXXXXXXXXXXXXXXXXXXXXXXXXXXXXXXXXXXXXXXXXXXXXXXXXXXXXXXX
; XXXXXXXXXXXXXXXXXXXXXXXXXXXXXXXXXXXXXXXXXXXXXXXXXXXXXXXXXXXX
; XXXXXXXXXXXXXXXXXXXXXXXXXXXXXXXXXXXXXXXXXXXXXXXXXXXXXXXXXXXX
; XXXXXXXXXXXXXXXXXXXXXXXXXXXXXXXXXXXXXXXXXXXXXXXXXXXXXXXXXXXX
